2025-05-19 18:03:45 INFO  server.Server - Начало работы сервера
2025-05-19 18:03:53 INFO  server.Server - Подключился пользователь
2025-05-19 18:03:53 INFO  server.Server - 4
2025-05-19 18:04:01 INFO  server.Server - Обработка команды от пользователя
2025-05-19 18:04:01 INFO  server.Server - Отправление ответа пользователю
2025-05-19 18:04:01 INFO  server.Server - Пользователь отключился
2025-05-19 18:04:07 INFO  server.Server - Подключился пользователь
2025-05-19 18:04:07 INFO  server.Server - 4
2025-05-19 18:04:09 INFO  server.Server - Обработка команды от пользователя
2025-05-19 18:04:09 INFO  server.Server - Отправление ответа пользователю
2025-05-19 18:04:09 INFO  server.Server - Подключился пользователь
2025-05-19 18:04:09 INFO  server.Server - 4
2025-05-19 18:08:29 INFO  server.Server - Начало работы сервера
2025-05-19 18:08:32 INFO  server.Server - Подключился пользователь
2025-05-19 18:08:32 INFO  server.Server - 4
2025-05-19 18:08:33 INFO  server.Server - Обработка команды от пользователя
2025-05-19 18:08:33 INFO  server.Server - Отправление ответа пользователю
2025-05-19 18:08:33 INFO  server.Server - Подключился пользователь
2025-05-19 18:08:33 INFO  server.Server - 4
2025-05-19 18:08:35 INFO  server.Server - Обработка команды от пользователя
2025-05-19 18:08:35 INFO  server.Server - Отправление ответа пользователю
2025-05-19 18:08:35 INFO  server.Server - Подключился пользователь
2025-05-19 18:08:35 INFO  server.Server - 4
2025-05-19 18:08:45 INFO  server.Server - Пользователь отключился
2025-05-19 18:10:04 INFO  server.Server - Начало работы сервера
2025-05-19 18:10:28 INFO  server.Server - Начало работы сервера
2025-05-19 18:10:35 INFO  server.Server - Подключился пользователь
2025-05-19 18:10:35 INFO  server.Server - 4
2025-05-19 18:10:43 INFO  server.Server - Обработка команды от пользователя
2025-05-19 18:10:43 INFO  server.Server - Отправление ответа пользователю
2025-05-19 18:10:43 INFO  server.Server - Подключился пользователь
2025-05-19 18:10:43 INFO  server.Server - 4
2025-05-19 18:11:33 INFO  server.Server - Начало работы сервера
2025-05-19 18:11:35 INFO  server.Server - Подключился пользователь
2025-05-19 18:11:35 INFO  server.Server - 4
2025-05-19 18:11:37 INFO  server.Server - Обработка команды от пользователя
2025-05-19 18:11:37 INFO  server.Server - Отправление ответа пользователю
2025-05-19 18:11:37 INFO  server.Server - Подключился пользователь
2025-05-19 18:11:37 INFO  server.Server - 4
2025-05-19 18:11:39 INFO  server.Server - Обработка команды от пользователя
2025-05-19 18:11:39 INFO  server.Server - Отправление ответа пользователю
2025-05-19 18:11:39 INFO  server.Server - Подключился пользователь
2025-05-19 18:11:39 INFO  server.Server - 4
2025-05-19 18:11:40 INFO  server.Server - Обработка команды от пользователя
2025-05-19 18:11:40 INFO  server.Server - Отправление ответа пользователю
2025-05-19 18:11:40 INFO  server.Server - Подключился пользователь
2025-05-19 18:11:40 INFO  server.Server - 4
2025-05-19 18:11:48 INFO  server.Server - Обработка команды от пользователя
2025-05-19 18:11:48 INFO  server.Server - Отправление ответа пользователю
2025-05-19 18:11:48 INFO  server.Server - Подключился пользователь
2025-05-19 18:11:48 INFO  server.Server - 4
2025-05-19 18:14:45 INFO  server.Server - Начало работы сервера
